------------------------------------------------------------
TimeQuest Timing Analyzer Summary
------------------------------------------------------------

Type  : Slow 1200mV 85C Model Setup 'clock'
Slack : -17.244
TNS   : -14212.424

Type  : Slow 1200mV 85C Model Setup 'serial_clock_in'
Slack : -7.421
TNS   : -327.315

Type  : Slow 1200mV 85C Model Hold 'clock'
Slack : 0.402
TNS   : 0.000

Type  : Slow 1200mV 85C Model Hold 'serial_clock_in'
Slack : 0.440
TNS   : 0.000

Type  : Slow 1200mV 85C Model Minimum Pulse Width 'clock'
Slack : -3.000
TNS   : -2620.788

Type  : Slow 1200mV 85C Model Minimum Pulse Width 'serial_clock_in'
Slack : -3.000
TNS   : -100.660

Type  : Slow 1200mV 0C Model Setup 'clock'
Slack : -15.476
TNS   : -12970.402

Type  : Slow 1200mV 0C Model Setup 'serial_clock_in'
Slack : -6.661
TNS   : -289.109

Type  : Slow 1200mV 0C Model Hold 'clock'
Slack : 0.353
TNS   : 0.000

Type  : Slow 1200mV 0C Model Hold 'serial_clock_in'
Slack : 0.387
TNS   : 0.000

Type  : Slow 1200mV 0C Model Minimum Pulse Width 'clock'
Slack : -3.000
TNS   : -2616.564

Type  : Slow 1200mV 0C Model Minimum Pulse Width 'serial_clock_in'
Slack : -3.000
TNS   : -100.660

Type  : Fast 1200mV 0C Model Setup 'clock'
Slack : -7.918
TNS   : -6138.144

Type  : Fast 1200mV 0C Model Setup 'serial_clock_in'
Slack : -3.068
TNS   : -120.670

Type  : Fast 1200mV 0C Model Hold 'clock'
Slack : 0.178
TNS   : 0.000

Type  : Fast 1200mV 0C Model Hold 'serial_clock_in'
Slack : 0.201
TNS   : 0.000

Type  : Fast 1200mV 0C Model Minimum Pulse Width 'clock'
Slack : -3.000
TNS   : -2102.627

Type  : Fast 1200mV 0C Model Minimum Pulse Width 'serial_clock_in'
Slack : -3.000
TNS   : -93.459

------------------------------------------------------------
