------------------------------------------------------------
TimeQuest Timing Analyzer Summary
------------------------------------------------------------

Type  : Slow 1200mV 85C Model Setup 'clock'
Slack : -16.876
TNS   : -13904.510

Type  : Slow 1200mV 85C Model Setup 'serial_clock_in'
Slack : -6.244
TNS   : -243.687

Type  : Slow 1200mV 85C Model Hold 'clock'
Slack : 0.381
TNS   : 0.000

Type  : Slow 1200mV 85C Model Hold 'serial_clock_in'
Slack : 0.440
TNS   : 0.000

Type  : Slow 1200mV 85C Model Minimum Pulse Width 'clock'
Slack : -3.000
TNS   : -2614.363

Type  : Slow 1200mV 85C Model Minimum Pulse Width 'serial_clock_in'
Slack : -3.000
TNS   : -87.810

Type  : Slow 1200mV 0C Model Setup 'clock'
Slack : -15.471
TNS   : -12669.688

Type  : Slow 1200mV 0C Model Setup 'serial_clock_in'
Slack : -5.607
TNS   : -215.026

Type  : Slow 1200mV 0C Model Hold 'clock'
Slack : 0.349
TNS   : 0.000

Type  : Slow 1200mV 0C Model Hold 'serial_clock_in'
Slack : 0.387
TNS   : 0.000

Type  : Slow 1200mV 0C Model Minimum Pulse Width 'clock'
Slack : -3.000
TNS   : -2610.139

Type  : Slow 1200mV 0C Model Minimum Pulse Width 'serial_clock_in'
Slack : -3.000
TNS   : -87.810

Type  : Fast 1200mV 0C Model Setup 'clock'
Slack : -7.938
TNS   : -5985.775

Type  : Fast 1200mV 0C Model Setup 'serial_clock_in'
Slack : -2.468
TNS   : -83.755

Type  : Fast 1200mV 0C Model Hold 'clock'
Slack : 0.165
TNS   : 0.000

Type  : Fast 1200mV 0C Model Hold 'serial_clock_in'
Slack : 0.201
TNS   : 0.000

Type  : Fast 1200mV 0C Model Minimum Pulse Width 'clock'
Slack : -3.000
TNS   : -2098.564

Type  : Fast 1200mV 0C Model Minimum Pulse Width 'serial_clock_in'
Slack : -3.000
TNS   : -79.478

------------------------------------------------------------
